../Core/Src/stepper.c:10:13:step_high	16	static
../Core/Src/stepper.c:18:13:step_low	16	static
../Core/Src/stepper.c:26:13:set_dir	24	static
../Core/Src/stepper.c:41:16:limit_switch_pressed	24	static
../Core/Src/stepper.c:51:16:limit_switch_pressed_stable	16	static
../Core/Src/stepper.c:64:9:stepper_limit_switch_status_bits	16	static
../Core/Src/stepper.c:73:6:stepper_init	16	static
../Core/Src/stepper.c:92:6:stepper_stop_axis	16	static
../Core/Src/stepper.c:106:6:stepper_stop_all	16	static
../Core/Src/stepper.c:113:13:stop_by_limit	8	static
../Core/Src/stepper.c:120:6:stepper_start_homing	16	static
../Core/Src/stepper.c:139:6:stepper_start_homing_all	16	static
../Core/Src/stepper.c:146:13:step_once	24	static
../Core/Src/stepper.c:153:6:stepper_10us_interrupt	16	static
