../Drivers/CMSIS/Include/core_cm4.h:1684:22:__NVIC_EnableIRQ	16	static,ignoring_inline_asm
../Drivers/CMSIS/Include/core_cm4.h:1814:22:__NVIC_SetPriority	16	static
../Drivers/CMSIS/Include/core_cm4.h:2022:26:SysTick_Config	16	static
../Core/Src/stm32f4xx_it.c:6:13:systick_init	8	static
../Core/Src/stm32f4xx_it.c:11:13:tim2_init_10us	8	static
../Core/Src/stm32f4xx_it.c:23:13:tim3_init_1ms	8	static
../Core/Src/stm32f4xx_it.c:35:6:interrupts_init	8	static
../Core/Src/stm32f4xx_it.c:47:6:_Invalid_ISR	4	static
../Core/Src/stm32f4xx_it.c:56:6:SysTick_Handler	4	static
../Core/Src/stm32f4xx_it.c:62:6:TIM2_IRQHandler	8	static
../Core/Src/stm32f4xx_it.c:79:6:TIM3_IRQHandler	8	static
