../Core/Src/trajectory.c:27:16:any_axis_busy	16	static
../Core/Src/trajectory.c:35:16:queue_push	24	static
../Core/Src/trajectory.c:44:16:queue_pop	24	static
../Core/Src/trajectory.c:53:13:staging_clear	4	static
../Core/Src/trajectory.c:60:6:trajectory_cancel_staging	8	static
../Core/Src/trajectory.c:65:6:trajectory_clear	16	static
../Core/Src/trajectory.c:83:9:trajectory_free_count	4	static
../Core/Src/trajectory.c:88:9:trajectory_angle_raw_to_step	72	static
../Core/Src/trajectory.c:99:9:trajectory_axis_home_raw	16	static
../Core/Src/trajectory.c:105:9:trajectory_angle_raw_in_limit	16	static
../Core/Src/trajectory.c:113:9:trajectory_check_staging_timeout	8	static
../Core/Src/trajectory.c:123:9:trajectory_stage_command	24	static
../Core/Src/trajectory.c:173:13:start_axis_segment	24	static
../Core/Src/trajectory.c:190:13:try_start_next_point	40	static
../Core/Src/trajectory.c:202:6:trajectory_update_1ms	64	static
